Microchip MPLAB XC8 Compiler V1.36 ()

Linker command line:

-W-3 --edf=C:\Program Files (x86)\Microchip\xc8\v1.36\dat\en_msgs.txt -cs \
  -h+dist/default/production\Relay_Bypass_on_press.X.production.sym \
  --cmf=dist/default/production\Relay_Bypass_on_press.X.production.cmf -z \
  -Q12F675 -oC:\Users\Benoit\AppData\Local\Temp\sbsk.2 \
  -Mdist/default/production/Relay_Bypass_on_press.X.production.map -E1 \
  -ver=XC8 -ASTACK=026h-05dh -pstack=STACK -ACODE=00h-03FEh \
  -ASTRCODE=00h-03FEh -ASTRING=00h-0FFhx3,0300h-03FEh \
  -ACONST=00h-0FFhx3,0300h-03FEh -AENTRY=00h-0FFhx3,0300h-03FEh \
  -ABANK0=020h-05Dh -ARAM=020h-05Dh -AABS1=020h-05Fh -ACOMMON=05Eh-05Fh \
  -ASFR0=00h-01Fh -ASFR1=080h-0DDh -preset_vec=00h,intentry,init,end_init \
  -ppowerup=CODE -pcinit=CODE -pfunctab=CODE -ACONFIG=02007h-02007h \
  -pconfig=CONFIG -DCONFIG=2 -AIDLOC=02000h-02003h -pidloc=IDLOC -DIDLOC=2 \
  -AEEDATA=00h-07Fh/02100h -peeprom_data=EEDATA -DEEDATA=2 -posccal=03FFh \
  -DCODE=2 -DSTRCODE=2 -DSTRING=2 -DCONST=2 -DENTRY=2 -k \
  C:\Users\Benoit\AppData\Local\Temp\sbsk.obj \
  dist/default/production\Relay_Bypass_on_press.X.production.obj 

Object code version is 3.11

Machine type is 12F675



                Name                               Link     Load   Length Selector   Space Scale
C:\Users\Benoit\AppData\Local\Temp\sbsk.obj
                end_init                              0        0        1        0       0
                config                             2007     2007        1     400E       0
dist/default/production\Relay_Bypass_on_press.X.production.obj
                cinit                               3FD      3FD        2      7FA       0
                maintext                            327      327       D6      64E       0
                cstackBANK0                          20       20        6       20       1

TOTAL           Name                               Link     Load   Length     Space
        CLASS   STACK          

        CLASS   CODE           
                end_init                              0        0        1         0
                cinit                               3FD      3FD        2         0
                maintext                            327      327       D6         0

        CLASS   STRCODE        

        CLASS   STRING         

        CLASS   CONST          

        CLASS   ENTRY          

        CLASS   BANK0          
                cstackBANK0                          20       20        6         1

        CLASS   RAM            

        CLASS   ABS1           
                abs_s1                               5E       5E        2         1

        CLASS   COMMON         

        CLASS   SFR0           

        CLASS   SFR1           

        CLASS   CONFIG         
                config                             2007     2007        1         0

        CLASS   IDLOC          

        CLASS   EEDATA         

        CLASS   BANK1          



SEGMENTS        Name                           Load    Length   Top    Selector   Space  Class     Delta

                reset_vec                      000000  000001  000001         0       0  CODE        2
                cstackBANK0                    000020  000006  000026        20       1  BANK0       1
                maintext                       000327  0000D6  0003FD       64E       0  CODE        2
                cinit                          0003FD  000002  0003FF       7FA       0  CODE        2
                config                         002007  000001  002008      400E       0  CONFIG      2


UNUSED ADDRESS RANGES

        Name                Unused          Largest block    Delta
        BANK0            0026-005D             38           1
        CODE             0001-0326            326           2
        CONST            0001-0326            100           2
        EEDATA           2100-217F             80           2
        ENTRY            0001-0326            100           2
        IDLOC            2000-2003              4           2
        RAM              0026-005D             38           1
        SFR0             0000-001F             20           1
        SFR1             0080-00DD             5E           1
        STACK            0026-005D             38           1
        STRCODE          0001-0326            326           2
        STRING           0001-0326            100           2

                                  Symbol Table

_ADCON0                  (abs)       001F
_ANSEL                   (abs)       009F
_CMCON                   (abs)       0019
_GP0                     (abs)       0028
_GP1                     (abs)       0029
_GP2                     (abs)       002A
_GP3                     (abs)       002B
_GP4                     (abs)       002C
_GP5                     (abs)       002D
_GPIO                    (abs)       0005
_TRISIO0                 (abs)       0428
_TRISIO1                 (abs)       0429
_TRISIO2                 (abs)       042A
_TRISIO3                 (abs)       042B
_TRISIO4                 (abs)       042C
_TRISIO5                 (abs)       042D
__CFG_BOREN$OFF          (abs)       0000
__CFG_CP$OFF             (abs)       0000
__CFG_CPD$OFF            (abs)       0000
__CFG_FOSC$INTRCIO       (abs)       0000
__CFG_MCLRE$OFF          (abs)       0000
__CFG_PWRTE$OFF          (abs)       0000
__CFG_WDTE$OFF           (abs)       0000
__Habs1                  abs1        07FE
__Hbank0                 bank0       07FE
__Hbank1                 bank1       07FE
__Hcinit                 cinit       03FF
__Hclrtext               clrtext     07FE
__Hcode                  code        07FE
__Hcommon                common      07FE
__Hconfig                config      2008
__HcstackBANK0           cstackBANK0 07FE
__Heeprom_data           eeprom_data 0000
__Hend_init              end_init    0001
__Hfunctab               functab     0000
__Hidloc                 idloc       0000
__Hinit                  init        0000
__Hintentry              intentry    0000
__Hmaintext              maintext    07FE
__Hosccal                osccal      03FF
__Hpowerup               powerup     0000
__Hram                   ram         07FE
__Hreset_vec             reset_vec   0000
__Hsfr0                  sfr0        07FE
__Hsfr1                  sfr1        07FE
__Hspace_0               (abs)       2008
__Hspace_1               (abs)       07FE
__Hspace_2               (abs)       0000
__Hspace_3               (abs)       0000
__Hstack                 stack       0000
__Hstrings               strings     07FE
__Htext                  text        07FE
__Labs1                  abs1        07FE
__Lbank0                 bank0       07FE
__Lbank1                 bank1       07FE
__Lcinit                 cinit       03FD
__Lclrtext               clrtext     07FE
__Lcode                  code        07FE
__Lcommon                common      07FE
__Lconfig                config      2007
__LcstackBANK0           cstackBANK0 07FE
__Leeprom_data           eeprom_data 0000
__Lend_init              end_init    0000
__Lfunctab               functab     0000
__Lidloc                 idloc       0000
__Linit                  init        0000
__Lintentry              intentry    0000
__Lmaintext              maintext    07FE
__Losccal                osccal      03FF
__Lpowerup               powerup     0000
__Lram                   ram         07FE
__Lreset_vec             reset_vec   0000
__Lsfr0                  sfr0        07FE
__Lsfr1                  sfr1        07FE
__Lspace_0               (abs)       0000
__Lspace_1               (abs)       0000
__Lspace_2               (abs)       0000
__Lspace_3               (abs)       0000
__Lstack                 stack       0000
__Lstrings               strings     07FE
__Ltext                  text        07FE
__S0                     (abs)       2008
__S1                     (abs)       0026
__S2                     (abs)       0000
__S3                     (abs)       0000
___int_sp                stack       0000
___latbits               (abs)       0000
___osccal_val            osccal      03FF
___sp                    stack       0000
__end_of__initialization cinit       03FD
__end_of_main            maintext    03FD
__initialization         cinit       03FD
__pcstackBANK0           cstackBANK0 0020
__pmaintext              maintext    0327
__size_of_main           (abs)       0000
_main                    maintext    0327
btemp                    (abs)       005E
end_of_initialization    cinit       03FD
intlevel0                functab     0000
intlevel1                functab     0000
intlevel2                functab     0000
intlevel3                functab     0000
intlevel4                functab     0000
intlevel5                functab     0000
ltemp                    (abs)       005E
ltemp0                   (abs)       005E
ltemp1                   (abs)       0062
ltemp2                   (abs)       0066
ltemp3                   (abs)       0060
main@changestate         cstackBANK0 0022
main@press_switch        cstackBANK0 0025
main@state               cstackBANK0 0024
main@temporary           cstackBANK0 0023
reset_vec                reset_vec   0000
stackhi                  (abs)       0000
stacklo                  (abs)       0000
start                    init        0000
start_initialization     cinit       03FD
ttemp                    (abs)       005E
ttemp0                   (abs)       005E
ttemp1                   (abs)       0061
ttemp2                   (abs)       0064
ttemp3                   (abs)       0067
ttemp4                   (abs)       005F
wtemp                    (abs)       005E
wtemp0                   (abs)       005E
wtemp1                   (abs)       0060
wtemp2                   (abs)       0062
wtemp3                   (abs)       0064
wtemp4                   (abs)       0066
wtemp5                   (abs)       0068
wtemp6                   (abs)       005F


FUNCTION INFORMATION:

 *************** function _main *****************
 Defined at:
		line 15 in file "relayonpress.c"
 Parameters:    Size  Location     Type
		None
 Auto vars:     Size  Location     Type
  press_switch    1    5[BANK0 ] unsigned char 
  state           1    4[BANK0 ] unsigned char 
  temporary       1    3[BANK0 ] unsigned char 
  changestate     1    2[BANK0 ] unsigned char 
 Return value:  Size  Location     Type
                  1    wreg      void 
 Registers used:
		wreg, status,2, status,0
 Tracked objects:
		On entry : 
		On exit  : 
		Unchanged: 
 Data sizes:     COMMON   BANK0
      Params:         0       0
      Locals:         0       4
      Temps:          0       2
      Totals:         0       6
Total ram usage:        6 bytes
 This function calls:
		Nothing
 This function is called by:
		Startup code after reset
 This function uses a non-reentrant model



MODULE INFORMATION

Module		Function		Class		Link	Load	Size
relayonpress.c
		_main          		CODE           	0327	0000	215

relayonpress.c estimated size: 215

shared
		__initialization		CODE           	03FD	0000	1

shared estimated size: 1

